This is pdfTeX, Version 3.141592653-2.6-1.40.25 (TeX Live 2023) (preloaded format=pdflatex 2023.12.16)  9 APR 2026 18:08
entering extended mode
 restricted \write18 enabled.
 %&-line parsing enabled.
**cv.tex
(./cv.tex
LaTeX2e <2023-11-01>
L3 programming layer <2023-12-11>
(/Users/tb186/Library/TinyTeX/texmf-dist/tex/latex/base/article.cls
Document Class: article 2023/05/17 v1.4n Standard LaTeX document class
(/Users/tb186/Library/TinyTeX/texmf-dist/tex/latex/base/size11.clo
File: size11.clo 2023/05/17 v1.4n Standard LaTeX file (size option)
)
\c@part=\count187
\c@section=\count188
\c@subsection=\count189
\c@subsubsection=\count190
\c@paragraph=\count191
\c@subparagraph=\count192
\c@figure=\count193
\c@table=\count194
\abovecaptionskip=\skip48
\belowcaptionskip=\skip49
\bibindent=\dimen140
) (/Users/tb186/Library/TinyTeX/texmf-dist/tex/latex/hyperref/hyperref.sty
Package: hyperref 2023-11-26 v7.01g Hypertext links for LaTeX
 (/Users/tb186/Library/TinyTeX/texmf-dist/tex/generic/iftex/iftex.sty
Package: iftex 2022/02/03 v1.0f TeX engine tests
) (/Users/tb186/Library/TinyTeX/texmf-dist/tex/generic/infwarerr/infwarerr.sty
Package: infwarerr 2019/12/03 v1.5 Providing info/warning/error messages (HO)
) (/Users/tb186/Library/TinyTeX/texmf-dist/tex/latex/graphics/keyval.sty
Package: keyval 2022/05/29 v1.15 key=value parser (DPC)
\KV@toks@=\toks17
) (/Users/tb186/Library/TinyTeX/texmf-dist/tex/latex/kvsetkeys/kvsetkeys.sty
Package: kvsetkeys 2022-10-05 v1.19 Key value parser (HO)
) (/Users/tb186/Library/TinyTeX/texmf-dist/tex/generic/kvdefinekeys/kvdefinekeys.sty
Package: kvdefinekeys 2019-12-19 v1.6 Define keys (HO)
) (/Users/tb186/Library/TinyTeX/texmf-dist/tex/generic/pdfescape/pdfescape.sty
Package: pdfescape 2019/12/09 v1.15 Implements pdfTeX's escape features (HO)
 (/Users/tb186/Library/TinyTeX/texmf-dist/tex/generic/ltxcmds/ltxcmds.sty
Package: ltxcmds 2023-12-04 v1.26 LaTeX kernel commands for general use (HO)
) (/Users/tb186/Library/TinyTeX/texmf-dist/tex/generic/pdftexcmds/pdftexcmds.sty
Package: pdftexcmds 2020-06-27 v0.33 Utility functions of pdfTeX for LuaTeX (HO)
Package pdftexcmds Info: \pdf@primitive is available.
Package pdftexcmds Info: \pdf@ifprimitive is available.
Package pdftexcmds Info: \pdfdraftmode found.
)) (/Users/tb186/Library/TinyTeX/texmf-dist/tex/latex/hycolor/hycolor.sty
Package: hycolor 2020-01-27 v1.10 Color options for hyperref/bookmark (HO)
) (/Users/tb186/Library/TinyTeX/texmf-dist/tex/latex/letltxmacro/letltxmacro.sty
Package: letltxmacro 2019/12/03 v1.6 Let assignment for LaTeX macros (HO)
) (/Users/tb186/Library/TinyTeX/texmf-dist/tex/latex/auxhook/auxhook.sty
Package: auxhook 2019-12-17 v1.6 Hooks for auxiliary files (HO)
) (/Users/tb186/Library/TinyTeX/texmf-dist/tex/latex/hyperref/nameref.sty
Package: nameref 2023-11-26 v2.56 Cross-referencing by name of section
 (/Users/tb186/Library/TinyTeX/texmf-dist/tex/latex/refcount/refcount.sty
Package: refcount 2019/12/15 v3.6 Data extraction from label references (HO)
) (/Users/tb186/Library/TinyTeX/texmf-dist/tex/generic/gettitlestring/gettitlestring.sty
Package: gettitlestring 2019/12/15 v1.6 Cleanup title references (HO)
 (/Users/tb186/Library/TinyTeX/texmf-dist/tex/latex/kvoptions/kvoptions.sty
Package: kvoptions 2022-06-15 v3.15 Key value format for package options (HO)
))
\c@section@level=\count195
) (/Users/tb186/Library/TinyTeX/texmf-dist/tex/latex/etoolbox/etoolbox.sty
Package: etoolbox 2020/10/05 v2.5k e-TeX tools for LaTeX (JAW)
\etb@tempcnta=\count196
)
\@linkdim=\dimen141
\Hy@linkcounter=\count197
\Hy@pagecounter=\count198
 (/Users/tb186/Library/TinyTeX/texmf-dist/tex/latex/hyperref/pd1enc.def
File: pd1enc.def 2023-11-26 v7.01g Hyperref: PDFDocEncoding definition (HO)
Now handling font encoding PD1 ...
... no UTF-8 mapping file for font encoding PD1
) (/Users/tb186/Library/TinyTeX/texmf-dist/tex/generic/intcalc/intcalc.sty
Package: intcalc 2019/12/15 v1.3 Expandable calculations with integers (HO)
)
\Hy@SavedSpaceFactor=\count199
 (/Users/tb186/Library/TinyTeX/texmf-dist/tex/latex/hyperref/puenc.def
File: puenc.def 2023-11-26 v7.01g Hyperref: PDF Unicode definition (HO)
Now handling font encoding PU ...
... no UTF-8 mapping file for font encoding PU
)
Package hyperref Info: Hyper figures OFF on input line 4181.
Package hyperref Info: Link nesting OFF on input line 4186.
Package hyperref Info: Hyper index ON on input line 4189.
Package hyperref Info: Plain pages OFF on input line 4196.
Package hyperref Info: Backreferencing OFF on input line 4201.
Package hyperref Info: Implicit mode ON; LaTeX internals redefined.
Package hyperref Info: Bookmarks ON on input line 4448.
\c@Hy@tempcnt=\count266
 (/Users/tb186/Library/TinyTeX/texmf-dist/tex/latex/url/url.sty
\Urlmuskip=\muskip16
Package: url 2013/09/16  ver 3.4  Verb mode for urls, etc.
)
LaTeX Info: Redefining \url on input line 4786.
\XeTeXLinkMargin=\dimen142
 (/Users/tb186/Library/TinyTeX/texmf-dist/tex/generic/bitset/bitset.sty
Package: bitset 2019/12/09 v1.3 Handle bit-vector datatype (HO)
 (/Users/tb186/Library/TinyTeX/texmf-dist/tex/generic/bigintcalc/bigintcalc.sty
Package: bigintcalc 2019/12/15 v1.5 Expandable calculations on big integers (HO)
))
\Fld@menulength=\count267
\Field@Width=\dimen143
\Fld@charsize=\dimen144
Package hyperref Info: Hyper figures OFF on input line 6065.
Package hyperref Info: Link nesting OFF on input line 6070.
Package hyperref Info: Hyper index ON on input line 6073.
Package hyperref Info: backreferencing OFF on input line 6080.
Package hyperref Info: Link coloring OFF on input line 6085.
Package hyperref Info: Link coloring with OCG OFF on input line 6090.
Package hyperref Info: PDF/A mode OFF on input line 6095.
 (/Users/tb186/Library/TinyTeX/texmf-dist/tex/latex/base/atbegshi-ltx.sty
Package: atbegshi-ltx 2021/01/10 v1.0c Emulation of the original atbegshi
package with kernel methods
)
\Hy@abspage=\count268
\c@Item=\count269
\c@Hfootnote=\count270
)
Package hyperref Info: Driver (autodetected): hpdftex.
 (/Users/tb186/Library/TinyTeX/texmf-dist/tex/latex/hyperref/hpdftex.def
File: hpdftex.def 2023-11-26 v7.01g Hyperref driver for pdfTeX
 (/Users/tb186/Library/TinyTeX/texmf-dist/tex/latex/base/atveryend-ltx.sty
Package: atveryend-ltx 2020/08/19 v1.0a Emulation of the original atveryend package
with kernel methods
)
\Fld@listcount=\count271
\c@bookmark@seq@number=\count272
 (/Users/tb186/Library/TinyTeX/texmf-dist/tex/latex/rerunfilecheck/rerunfilecheck.sty
Package: rerunfilecheck 2022-07-10 v1.10 Rerun checks for auxiliary files (HO)
 (/Users/tb186/Library/TinyTeX/texmf-dist/tex/generic/uniquecounter/uniquecounter.sty
Package: uniquecounter 2019/12/15 v1.4 Provide unlimited unique counter (HO)
)
Package uniquecounter Info: New unique counter `rerunfilecheck' on input line 285.
)
\Hy@SectionHShift=\skip50
) (/Users/tb186/Library/TinyTeX/texmf-dist/tex/latex/geometry/geometry.sty
Package: geometry 2020/01/02 v5.9 Page Geometry
 (/Users/tb186/Library/TinyTeX/texmf-dist/tex/generic/iftex/ifvtex.sty
Package: ifvtex 2019/10/25 v1.7 ifvtex legacy package. Use iftex instead.
)
\Gm@cnth=\count273
\Gm@cntv=\count274
\c@Gm@tempcnt=\count275
\Gm@bindingoffset=\dimen145
\Gm@wd@mp=\dimen146
\Gm@odd@mp=\dimen147
\Gm@even@mp=\dimen148
\Gm@layoutwidth=\dimen149
\Gm@layoutheight=\dimen150
\Gm@layouthoffset=\dimen151
\Gm@layoutvoffset=\dimen152
\Gm@dimlist=\toks18
) (/Users/tb186/Library/TinyTeX/texmf-dist/tex/latex/graphics/color.sty
Package: color 2022/01/06 v1.3d Standard LaTeX Color (DPC)
 (/Users/tb186/Library/TinyTeX/texmf-dist/tex/latex/graphics-cfg/color.cfg
File: color.cfg 2016/01/02 v1.6 sample color configuration
)
Package color Info: Driver file: pdftex.def on input line 149.
 (/Users/tb186/Library/TinyTeX/texmf-dist/tex/latex/graphics-def/pdftex.def
File: pdftex.def 2022/09/22 v1.2b Graphics/color driver for pdftex
) (/Users/tb186/Library/TinyTeX/texmf-dist/tex/latex/graphics/mathcolor.ltx)) (/Users/tb186/Library/TinyTeX/texmf-dist/tex/latex/enumitem/enumitem.sty
Package: enumitem 2019/06/20 v3.9 Customized lists
\labelindent=\skip51
\enit@outerparindent=\dimen153
\enit@toks=\toks19
\enit@inbox=\box51
\enit@count@id=\count276
\enitdp@description=\count277
) (/Users/tb186/Library/TinyTeX/texmf-dist/tex/latex/eurosym/eurosym.sty
Package: eurosym 1998/08/06 v1.1 European currency symbol ``Euro''
\@eurobox=\box52
) (/Users/tb186/Library/TinyTeX/texmf-dist/tex/latex/base/inputenc.sty
Package: inputenc 2021/02/14 v1.3d Input encoding file
\inpenc@prehook=\toks20
\inpenc@posthook=\toks21
)
Package hyperref Info: Option `colorlinks' set `true' on input line 45.


Package geometry Warning: Over-specification in `v'-direction.
    `height' (614.295pt) is ignored.

(/Users/tb186/Library/TinyTeX/texmf-dist/tex/latex/l3backend/l3backend-pdftex.def
File: l3backend-pdftex.def 2023-11-09 L3 backend support: PDF output (pdfTeX)
\l__color_backend_stack_int=\count278
\l__pdf_internal_box=\box53
) (./cv.aux)
\openout1 = `cv.aux'.

LaTeX Font Info:    Checking defaults for OML/cmm/m/it on input line 98.
LaTeX Font Info:    ... okay on input line 98.
LaTeX Font Info:    Checking defaults for OMS/cmsy/m/n on input line 98.
LaTeX Font Info:    ... okay on input line 98.
LaTeX Font Info:    Checking defaults for OT1/cmr/m/n on input line 98.
LaTeX Font Info:    ... okay on input line 98.
LaTeX Font Info:    Checking defaults for T1/cmr/m/n on input line 98.
LaTeX Font Info:    ... okay on input line 98.
LaTeX Font Info:    Checking defaults for TS1/cmr/m/n on input line 98.
LaTeX Font Info:    ... okay on input line 98.
LaTeX Font Info:    Checking defaults for OMX/cmex/m/n on input line 98.
LaTeX Font Info:    ... okay on input line 98.
LaTeX Font Info:    Checking defaults for U/cmr/m/n on input line 98.
LaTeX Font Info:    ... okay on input line 98.
LaTeX Font Info:    Checking defaults for PD1/pdf/m/n on input line 98.
LaTeX Font Info:    ... okay on input line 98.
LaTeX Font Info:    Checking defaults for PU/pdf/m/n on input line 98.
LaTeX Font Info:    ... okay on input line 98.
Package hyperref Info: Link coloring ON on input line 98.
 (./cv.out) (./cv.out)
\@outlinefile=\write3
\openout3 = `cv.out'.


*geometry* driver: auto-detecting
*geometry* detected driver: pdftex
*geometry* verbose mode - [ preamble ] result:
* driver: pdftex
* paper: letterpaper
* layout: <same size as paper>
* layoutoffset:(h,v)=(0.0pt,0.0pt)
* modes: 
* h-part:(L,W,R)=(72.26999pt, 469.75499pt, 72.27002pt)
* v-part:(T,H,B)=(71.13188pt, 652.70622pt, 71.13188pt)
* \paperwidth=614.295pt
* \paperheight=794.96999pt
* \textwidth=469.75499pt
* \textheight=652.70622pt
* \oddsidemargin=0.0pt
* \evensidemargin=0.0pt
* \topmargin=-38.1381pt
* \headheight=12.0pt
* \headsep=25.0pt
* \topskip=11.0pt
* \footskip=30.0pt
* \marginparwidth=59.0pt
* \marginparsep=10.0pt
* \columnsep=10.0pt
* \skip\footins=10.0pt plus 4.0pt minus 2.0pt
* \hoffset=0.0pt
* \voffset=0.0pt
* \mag=1000
* \@twocolumnfalse
* \@twosidefalse
* \@mparswitchfalse
* \@reversemarginfalse
* (1in=72.27pt=25.4mm, 1cm=28.453pt)

LaTeX Font Info:    External font `cmex10' loaded for size
(Font)              <10.95> on input line 112.
LaTeX Font Info:    External font `cmex10' loaded for size
(Font)              <8> on input line 112.
LaTeX Font Info:    External font `cmex10' loaded for size
(Font)              <6> on input line 112.

Overfull \hbox (28.0532pt too wide) in paragraph at lines 114--119
[][] 
 []


Overfull \hbox (35.22092pt too wide) in paragraph at lines 169--170
[]\OT1/cmr/bx/n/10.95 Ventura, Tiago\OT1/cmr/m/n/10.95 *; Ma-jum-dar, Ra-jesh-wari; Na-gler, Jonathan; Tucker, Joshua A., 2025 [][]Mis-in-for-ma-tion
 []

[1

{/Users/tb186/Library/TinyTeX/texmf-var/fonts/map/pdftex/updmap/pdftex.map}]
Overfull \hbox (13.11656pt too wide) in paragraph at lines 174--175
[]| \OT1/cmr/m/it/10.95 Win-ner of the 2024 Best Over-all Pa-per pre-sented at the Brazil-ian Po-lit-i-cal Sci-ence As-so-ci-a-tion
 []


Overfull \hbox (26.9066pt too wide) in paragraph at lines 184--185
\OT1/cmr/m/n/10.95 from a Sur-vey Ex-per-i-ment in Mex-ico[][], \OT1/cmr/m/it/10.95 Com-par-a-tive Po-lit-i-cal Stud-ies \OT1/cmr/m/n/10.95 57(4), pp.551-583. *[first-author] 
 []


Overfull \hbox (13.82791pt too wide) in paragraph at lines 200--201
[]\OT1/cmr/m/n/10.95 Aruguete, Na-talia; Calvo, Ernesto; Cantu, Fran-cisco; Ley, San-dra; \OT1/cmr/bx/n/10.95 Ven-tura, Tiago\OT1/cmr/m/n/10.95 *; Scar-tascini,
 []


Overfull \hbox (2.0826pt too wide) in paragraph at lines 200--201
\OT1/cmr/m/n/10.95 dur-ing the Covid-19 cri-sis in Mex-ico[][], \OT1/cmr/m/it/10.95 Jour-nal of Elec-tions, Pub-lic Opin-ion and Par-ties \OT1/cmr/m/n/10.95 31(sup1),
 []


Overfull \hbox (8.25426pt too wide) in paragraph at lines 202--204
\OT1/cmr/m/n/10.95 Ef-fer-ves-cence and Stream-ing Chat Dur-ing Po-lit-i-cal De-bates[][], \OT1/cmr/m/it/10.95 Jour-nal of Quan-ti-ta-tive De-scrip-tion,
 []

[2]
Overfull \hbox (17.80363pt too wide) in paragraph at lines 205--206
\OT1/cmr/m/n/10.95 Frames, and Per-cep-tions of Health Risk in Brazil[][], \OT1/cmr/m/it/10.95 Latin Amer-i-can Pol-i-tics and So-ci-ety, 1-26\OT1/cmr/m/n/10.95 .*[equal
 []


Overfull \hbox (4.55199pt too wide) in paragraph at lines 223--224
\OT1/cmr/bx/n/10.95 Re-duc-ing What-sApp Us-age to Mit-i-gate Mis-in-for-ma-tion Ex-po-sure Dur-ing Elec-tions:
 []


Overfull \hbox (6.53802pt too wide) in paragraph at lines 230--231
[]\OT1/cmr/m/n/10.95 Megan Brown, Tiago Ven-tura, Joshua A. Tucker, Jonathan Na-gler. [][]\OT1/cmr/bx/n/10.95 The re-la-tion-ship be-tween
 []


Overfull \hbox (9.03764pt too wide) in paragraph at lines 248--249
[]\OT1/cmr/m/n/10.95 Lucia Tis-cor-nia, San-dra Ley, and Tiago Ven-tura. \OT1/cmr/bx/n/10.95 Crim-i-nal gov-er-nance amid the COVID-19
 []

[3]
Overfull \hbox (17.83276pt too wide) in paragraph at lines 284--285
[]\OT1/cmr/m/n/10.95 Calvo, Ernesto; Ti-m-o-neda, Joan; \OT1/cmr/bx/n/10.95 Ven-tura, Tiago\OT1/cmr/m/n/10.95 *, 2020. Big Re-la-tional Data: Network-Analytic
 []

[4{/Users/tb186/Library/TinyTeX/texmf-dist/fonts/enc/dvips/cm-super/cm-super-ts1.enc}]
Overfull \hbox (0.54483pt too wide) in paragraph at lines 319--320
[]\OT1/cmr/bx/n/10.95 2015 \OT1/cmr/m/n/10.95 - DAAD (Ger-man Aca-demic Ex-change Ser-vice) Fel-low-ship, Short-time re-search in Ger-many
 []


Overfull \hbox (6.21437pt too wide) in paragraph at lines 343--344
[]  \OT1/cmr/m/n/10.95 Com-pu-ta-tional and Ex-per-i-men-tal Lab in Po-lit-i-cal Sci-ence, Fed-eral Uni-ver-sity of Per-nam-buco. 
 []

[5]
Overfull \hbox (0.1207pt too wide) in paragraph at lines 425--426
\OT1/cmr/m/it/10.95 Elec-toral Stud-ies; Jour-nal-ism and Mass Com-mu-ni-ca-tion Quar-terly; Leg-isla-tive Stud-ies Quar-terly;
 []


Overfull \hbox (20.22476pt too wide) in paragraph at lines 425--426
\OT1/cmr/m/it/10.95 The Com-mu-ni-ca-tion Re-view, In-for-ma-tion,Communication & So-ci-ety; Dig-i-tal Jour-nal-ism; Per-spec-tive
 []


Overfull \hbox (1.8694pt too wide) in paragraph at lines 431--432
[]\OT1/cmr/m/n/10.95 Search Com-mit-tee - As-sis-tant Pro-fes-sor in Com-pu-ta-tional So-cial Sci-ences, George-town`s Mc-Court
 []

[6] (./cv.aux)
 ***********
LaTeX2e <2023-11-01>
L3 programming layer <2023-12-11>
 ***********
Package rerunfilecheck Info: File `cv.out' has not changed.
(rerunfilecheck)             Checksum: D41D8CD98F00B204E9800998ECF8427E;0.
 ) 
Here is how much of TeX's memory you used:
 8782 strings out of 476115
 138212 string characters out of 5793316
 1940457 words of memory out of 5000000
 30710 multiletter control sequences out of 15000+600000
 564440 words of font info for 57 fonts, out of 8000000 for 9000
 14 hyphenation exceptions out of 8191
 75i,8n,79p,595b,593s stack positions out of 10000i,1000n,20000p,200000b,200000s
</Users/tb186/Library/TinyTeX/texmf-dist/fonts/type1/public/amsfonts/cm/cmbx10.pfb></Users/tb186/Library/TinyTeX/texmf-dist/fonts/type1/public/amsfonts/cm/cmbx12.pfb></Users/tb186/Library/TinyTeX/texmf-dist/fonts/type1/public/amsfonts/cm/cmbxti10.pfb></Users/tb186/Library/TinyTeX/texmf-dist/fonts/type1/public/amsfonts/cm/cmr10.pfb></Users/tb186/Library/TinyTeX/texmf-dist/fonts/type1/public/amsfonts/cm/cmr17.pfb></Users/tb186/Library/TinyTeX/texmf-dist/fonts/type1/public/amsfonts/cm/cmr9.pfb></Users/tb186/Library/TinyTeX/texmf-dist/fonts/type1/public/amsfonts/cm/cmsl10.pfb></Users/tb186/Library/TinyTeX/texmf-dist/fonts/type1/public/amsfonts/cm/cmti10.pfb></Users/tb186/Library/TinyTeX/texmf-dist/fonts/type1/public/eurosym/feymr10.pfb></Users/tb186/Library/TinyTeX/texmf-dist/fonts/type1/public/cm-super/sfrm1095.pfb>
Output written on cv.pdf (6 pages, 164397 bytes).
PDF statistics:
 196 PDF objects out of 1000 (max. 8388607)
 166 compressed objects within 2 object streams
 52 named destinations out of 1000 (max. 500000)
 1 words of extra memory for PDF output out of 10000 (max. 10000000)

